Correct
Correct
Binary files mnt/file1 and file1.test differ
