sb: num inodes [/tmp/ylizaliturri/test-disk1]: found 0 expected 1024
